{
  "x-generator": "NSwag v13.5.0.0 (NJsonSchema v10.1.15.0 (Newtonsoft.Json v12.0.0.0))",
  "swagger": "2.0",
  "openapi": "3.0.0",
  "info": {
    "title": "My Title",
    "version": "1.0.0"
  },
  "schemes": [],
  "consumes": [
    "application/json"
  ],
  "produces": [
    "application/json"
  ],
  "servers": [],
  "paths": {
    "/api/UrlEncodedRequestConsuming": {
      "post": {
        "tags": [
          "UrlEncodedRequestConsuming"
        ],
        "operationId": "UrlEncodedRequestConsuming_AddMessage",
        "consumes": [
          "application/x-www-form-urlencoded"
        ],
        "parameters": [
          {
            "name": "message",
            "in": "formData",
            "x-schema": {},
            "x-position": 1,
            "type": "object",
            "x-nullable": true
          },
          {
            "name": "messageId",
            "in": "formData",
            "x-position": 2,
            "type": "string",
            "x-nullable": true
          }
        ],
        "responses": {
          "204": {
            "description": "",
            "headers": {},
            "content": {},
            "links": {}
          }
        },
        "callbacks": {},
        "servers": []
      }
    }
  },
  "components": {
    "schemas": {
      "Foo": {
        "type": "object",
        "additionalProperties": false,
        "properties": {
          "Bar": {
            "type": "string"
          }
        }
      }
    },
    "responses": {},
    "parameters": {},
    "examples": {},
    "headers": {},
    "securitySchemes": {},
    "links": {},
    "callbacks": {}
  },
  "definitions": {
    "Foo": {
      "type": "object",
      "additionalProperties": false,
      "properties": {
        "Bar": {
          "type": "string"
        }
      }
    }
  },
  "parameters": {},
  "responses": {},
  "securityDefinitions": {},
  "security": [],
  "tags": []
}
